/*---------------------------------------------------------------------------*\
| =========                 |                                                 |
| \\      /  F ield         | OpenFOAM: The Open Source CFD Toolbox           |
|  \\    /   O peration     | Version:  2412                                  |
|   \\  /    A nd           | Website:  www.openfoam.com                      |
|    \\/     M anipulation  |                                                 |
\*---------------------------------------------------------------------------*/
Build  : _45e7c4a0-20241224 OPENFOAM=2412 version=2412
Arch   : "LSB;label=32;scalar=64"
Exec   : surfaceCheck -checkSelfIntersection hull-meters.stl
Date   : Sep 26 2026
Time   : 19:11:17
Host   : fcaf38b831f3
PID    : 221
I/O    : uncollated
Case   : /work
nProcs : 1
trapFpe: Floating point exception trapping enabled (FOAM_SIGFPE).
fileModificationChecking : Monitoring run-time modified files using timeStampMaster (fileModificationSkew 5, maxFileModificationPolls 20)
allowSystemOperations : Allowing user-supplied system call operations

// * * * * * * * * * * * * * * * * * * * * * * * * * * * * * * * * * * * * * //
Reading surface from "hull-meters.stl" ...

Statistics:
Triangles    : 4992 in 1 region(s)
Vertices     : 2498
Bounding Box : (0 -0.18415 0) (1.524 0.18415 0.292086)

Index	Region	Size
-----	------	----
0	solid	4992


Surface has no illegal triangles.

Triangle quality (equilateral=1, collapsed=0):
    0 .. 0.05  : 0.0454728
    0.05 .. 0.1  : 0.03125
    0.1 .. 0.15  : 0.0234375
    0.15 .. 0.2  : 0.0352564
    0.2 .. 0.25  : 0.0232372
    0.25 .. 0.3  : 0.0264423
    0.3 .. 0.35  : 0.0374599
    0.35 .. 0.4  : 0.0773237
    0.4 .. 0.45  : 0.0552885
    0.45 .. 0.5  : 0.0496795
    0.5 .. 0.55  : 0.0406651
    0.55 .. 0.6  : 0.0376603
    0.6 .. 0.65  : 0.0476763
    0.65 .. 0.7  : 0.041266
    0.7 .. 0.75  : 0.0438702
    0.75 .. 0.8  : 0.0516827
    0.8 .. 0.85  : 0.0572917
    0.85 .. 0.9  : 0.0739183
    0.9 .. 0.95  : 0.0763221
    0.95 .. 1  : 0.1248

    min 8.25943e-05 for triangle 4959
    max 0.99995 for triangle 4491

Edges:
    min 0.000753856 for edge 2149 points (1.50092 0.00908799 0.209674)(1.50092 0.00838097 0.209936)
    max 0.636023 for edge 153 points (0 -0.165735 0.07379)(0.6096 0 0)

Checking for points less than 1e-6 of bounding box ((1.524 0.3683 0.292086) metre) apart.
Found 0 nearby points.

Surface is closed. All edges connected to two faces.

Number of unconnected parts : 1

Number of zones (connected area with consistent normal) : 1

Checking self-intersection.
Surface is not self-intersecting


End

